#-----------------------------------------------------------
# Vivado v2025.1 (64-bit)
# SW Build 6140274 on Thu May 22 00:12:29 MDT 2025
# IP Build 6138677 on Thu May 22 03:10:11 MDT 2025
# SharedData Build 6139179 on Tue May 20 17:58:58 MDT 2025
# Start of session at: Fri Aug 29 02:43:08 2025
# Process ID         : 66432
# Current directory  : C:/FPGA_stuff/FinancialAccleration/ALVEO_STUFF/test_vivado_proj/alveo_test_1.runs/impl_1
# Command line       : vivado.exe -log toplevel_v1.vdi -applog -product Vivado -messageDb vivado.pb -mode batch -source toplevel_v1.tcl -notrace
# Log file           : C:/FPGA_stuff/FinancialAccleration/ALVEO_STUFF/test_vivado_proj/alveo_test_1.runs/impl_1/toplevel_v1.vdi
# Journal file       : C:/FPGA_stuff/FinancialAccleration/ALVEO_STUFF/test_vivado_proj/alveo_test_1.runs/impl_1\vivado.jou
# Running On         : GIGA_LAPTOP
# Platform           : Windows Server 2016 or Windows 10
# Operating System   : 26100
# Processor Detail   : AMD Ryzen 9 7940HS w/ Radeon 780M Graphics     
# CPU Frequency      : 3993 MHz
# CPU Physical cores : 8
# CPU Logical cores  : 16
# Host memory        : 33518 MB
# Swap memory        : 12348 MB
# Total Virtual      : 45866 MB
# Available Virtual  : 15308 MB
#-----------------------------------------------------------
source toplevel_v1.tcl -notrace
