#-----------------------------------------------------------
# Vivado v2025.1 (64-bit)
# SW Build 6140274 on Wed May 21 22:58:25 MDT 2025
# IP Build 6138677 on Thu May 22 03:10:11 MDT 2025
# SharedData Build 6139179 on Tue May 20 17:58:58 MDT 2025
# Start of session at: Sat Sep 20 23:12:39 2025
# Process ID         : 59501
# Current directory  : /home/wayne/FPGA_stuff/FinancialAccleration/TestEnvironments/orderbook_test1/vivado_proj/launch_folder/synth_1
# Command line       : vivado -log orderbook.vds -product Vivado -mode batch -messageDb vivado.pb -notrace -source orderbook.tcl
# Log file           : /home/wayne/FPGA_stuff/FinancialAccleration/TestEnvironments/orderbook_test1/vivado_proj/launch_folder/synth_1/orderbook.vds
# Journal file       : /home/wayne/FPGA_stuff/FinancialAccleration/TestEnvironments/orderbook_test1/vivado_proj/launch_folder/synth_1/vivado.jou
# Running On         : wayne
# Platform           : Ubuntu
# Operating System   : Ubuntu 22.04.5 LTS
# Processor Detail   : AMD Ryzen 9 7940HS w/ Radeon 780M Graphics
# CPU Frequency      : 400.000 MHz
# CPU Physical cores : 8
# CPU Logical cores  : 16
# Host memory        : 32821 MB
# Swap memory        : 2147 MB
# Total Virtual      : 34969 MB
# Available Virtual  : 25829 MB
#-----------------------------------------------------------
source orderbook.tcl -notrace
